// Jest Snapshot v1, https://goo.gl/fbAQLP

exports[`renders correctly 1`] = `
<View
  style={
    Object {
      "alignItems": "center",
      "backgroundColor": "#F2F2F2",
      "flexDirection": "column",
      "justifyContent": "center",
      "padding": 39.285714285714285,
    }
  }
>
  <View
    style={
      Object {
        "alignItems": "center",
        "aspectRatio": 1,
        "backgroundColor": "white",
        "borderRadius": 30,
        "height": 94.28571428571428,
        "justifyContent": "center",
        "overflow": "hidden",
      }
    }
  >
    <Image
      resizeMethod="resize"
      resizeMode="cover"
      source={
        Object {
          "uri": "https://storage.googleapis.com/attachment-qa-eeac/556398/c5dd00kacb05iv34efp0.jpg",
        }
      }
      style={
        Object {
          "aspectRatio": 1,
          "width": 94.28571428571428,
        }
      }
    />
  </View>
  <Text
    numberOfLines={2}
    style={
      Object {
        "color": "#282B33",
        "fontFamily": "Mulish-ExtraBold",
        "fontSize": 20,
        "marginTop": 15.694117647058823,
        "textAlign": "center",
      }
    }
  >
    Irene
     
    Murphy
  </Text>
  <Text
    style={
      Object {
        "fontFamily": "Mulish-Regular",
        "fontSize": 12,
        "fontWeight": "400",
        "lineHeight": 16,
        "marginTop": 7.847058823529411,
      }
    }
  >
    Kelle Test Team
  </Text>
</View>
`;
