// Jest Snapshot v1, https://goo.gl/fbAQLP

exports[`renders correctly 1`] = `
<View
  style={
    Object {
      "alignItems": "center",
      "flex": 1,
      "justifyContent": "center",
    }
  }
>
  <Image
    source={null}
    style={Object {}}
  />
  <Text
    style={
      Object {
        "fontSize": 27.857142857142858,
      }
    }
  >
    Title
  </Text>
</View>
`;
