// Jest Snapshot v1, https://goo.gl/fbAQLP

exports[`renders correctly 1`] = `
<View
  style={
    Object {
      "alignItems": "center",
      "flex": 1,
      "justifyContent": "center",
    }
  }
>
  <View
    style={
      Object {
        "alignItems": "center",
        "width": 654,
      }
    }
  >
    <Image
      source={null}
      style={
        Object {
          "height": 94.28571428571428,
          "marginBottom": 78.47058823529412,
          "width": 94.28571428571428,
        }
      }
    />
    <Text
      style={
        Object {
          "color": "#3D424D",
          "fontFamily": "Mulish-Bold",
          "fontSize": 25.142857142857142,
          "textAlign": "center",
        }
      }
    >
      Title
    </Text>
  </View>
</View>
`;
