// Jest Snapshot v1, https://goo.gl/fbAQLP

exports[`renders correctly 1`] = `
<View
  style={
    Array [
      Object {
        "alignItems": "center",
        "borderBottomColor": "rgba(61, 66, 77, 0.2)",
        "borderBottomWidth": 1,
        "display": "flex",
        "elevation": 8,
        "flexDirection": "row",
        "justifyContent": "space-between",
        "maxWidth": "100%",
        "paddingVertical": "2%",
        "shadowColor": "#000",
        "shadowOffset": Object {
          "height": 2,
          "width": 0,
        },
        "shadowOpacity": 0.23,
        "shadowRadius": 2.62,
        "width": "100%",
      },
      undefined,
      Object {
        "paddingTop": undefined,
      },
    ]
  }
>
  <View
    style={
      Object {
        "marginLeft": "auto",
        "marginRight": "auto",
      }
    }
  >
    <Text
      style={
        Object {
          "fontFamily": "Mulish-Bold",
          "fontSize": 16,
          "lineHeight": 24,
        }
      }
    >
      Home
    </Text>
  </View>
</View>
`;
