// Jest Snapshot v1, https://goo.gl/fbAQLP

exports[`renders correctly 1`] = `
<View
  style={
    Array [
      Object {
        "width": 730,
      },
      Object {
        "borderColor": "rgb(200,200,200)",
        "borderRadius": 5,
        "borderWidth": 1,
      },
      undefined,
      undefined,
    ]
  }
>
  <View
    style={
      Object {
        "display": "flex",
        "flexDirection": "row",
        "justifyContent": "space-between",
      }
    }
  >
    <View
      style={
        Object {
          "display": "flex",
          "flexDirection": "column",
        }
      }
    >
      <View
        style={
          Object {
            "flexDirection": "row",
            "marginLeft": 21.428571428571427,
          }
        }
      >
        <Text
          style={
            Object {
              "color": "#282B33",
              "fontFamily": "Mulish-Bold",
              "fontSize": 12,
              "marginBottom": 7.847058823529411,
              "marginTop": 13.73235294117647,
            }
          }
        >
          Input
        </Text>
      </View>
      <TextInput
        allowFontScaling={true}
        editable={true}
        placeholderTextColor="#6C727E"
        rejectResponderTermination={true}
        secureTextEntry={false}
        selectTextOnFocus={true}
        style={
          Array [
            Object {
              "color": "#6C727E",
              "fontFamily": "Mulish-Regular",
              "fontSize": 14,
              "marginBottom": 9.808823529411764,
              "minWidth": 451.20588235294116,
              "paddingHorizontal": 21.428571428571427,
              "paddingVertical": 3.9235294117647057,
              "textAlignVertical": "top",
            },
            undefined,
          ]
        }
        underlineColorAndroid="transparent"
      />
    </View>
  </View>
</View>
`;
